2024-11-23 03:07:06,705 [Worker-8: Loading available Gradle versions] INFO  o.e.b.c.i.u.g.PublishedGradleVersions - Gradle version information cache is up-to-date. Trying to read.
2024-11-23 03:07:17,686 [Worker-6: Update Maven projects configuration] INFO  o.e.m.c.i.p.ProjectConfigurationManager - Update started
2024-11-23 03:07:21,124 [Worker-6: Update Maven projects configuration] INFO  o.e.m.c.i.l.LifecycleMappingFactory - Using org.eclipse.m2e.jdt.JarLifecycleMapping lifecycle mapping for MavenProject: com.bootcamp.devops.archivos:app-java-texto:0.0.1-SNAPSHOT @ C:\Mis Documentos\DevOps\Curso-DevOps\sesion07b\app-java-texto\pom.xml.
2024-11-23 03:07:23,035 [Worker-6: Update Maven projects configuration] INFO  o.e.m.j.i.AbstractJavaProjectConfigurator - Adding source folder /app-java-texto/src/main/java
2024-11-23 03:07:23,041 [Worker-6: Update Maven projects configuration] INFO  o.e.m.j.i.AbstractJavaProjectConfigurator - Adding resource folder /app-java-texto/src/main/resources
2024-11-23 03:07:23,052 [Worker-6: Update Maven projects configuration] INFO  o.e.m.j.i.AbstractJavaProjectConfigurator - Adding resource folder /app-java-texto/src/main/resources
2024-11-23 03:07:23,062 [Worker-6: Update Maven projects configuration] INFO  o.e.m.j.i.AbstractJavaProjectConfigurator - Adding source folder /app-java-texto/src/test/java
2024-11-23 03:07:23,064 [Worker-6: Update Maven projects configuration] INFO  o.e.m.j.i.AbstractJavaProjectConfigurator - Adding resource folder /app-java-texto/src/test/resources
2024-11-23 03:07:24,752 [Worker-8: Download sources and javadoc] INFO  o.e.m.c.i.e.AbstractTransferListenerAdapter - Downloading https://repo.maven.apache.org/maven2/org/springframework/boot/spring-boot-starter-tomcat/3.3.5/spring-boot-starter-tomcat-3.3.5-sources.jar
2024-11-23 03:07:24,796 [Worker-8: Download sources and javadoc] INFO  o.e.m.c.i.e.AbstractTransferListenerAdapter - Downloaded https://repo.maven.apache.org/maven2/org/springframework/boot/spring-boot-starter-tomcat/3.3.5/spring-boot-starter-tomcat-3.3.5-sources.jar
2024-11-23 03:07:24,812 [Worker-8: Download sources and javadoc] INFO  o.e.m.j.internal.DownloadSourcesJob - Downloaded sources for org.springframework.boot:spring-boot-starter-tomcat:3.3.5
2024-11-23 03:07:26,293 [Worker-6: Update Maven projects configuration] INFO  o.e.m.c.i.p.ProjectConfigurationManager - Update completed for 1 poms: local refresh takes 0.00 sec, refresh facades takes 4.00 sec, update config takes 3.00 sec 
2024-11-23 03:07:26,818 [Worker-13: Building] INFO  o.a.m.s.f.DefaultMavenResourcesFiltering - Copying 1 resource from src\main\resources to target\classes
2024-11-23 03:07:26,857 [Worker-13: Building] INFO  o.a.m.s.f.DefaultMavenResourcesFiltering - Copying 0 resource from src\main\resources to target\classes
2024-11-23 03:07:26,865 [Worker-13: Building] INFO  o.a.m.s.f.DefaultMavenResourcesFiltering - skip non existing resourceDirectory C:\Mis Documentos\DevOps\Curso-DevOps\sesion07b\app-java-texto\src\test\resources
2024-11-23 03:10:15,815 [Worker-5: Building] INFO  o.a.m.s.f.DefaultMavenResourcesFiltering - Copying 0 resource from src\main\resources to target\classes
2024-11-23 03:10:15,817 [Worker-5: Building] INFO  o.a.m.s.f.DefaultMavenResourcesFiltering - Copying 0 resource from src\main\resources to target\classes
2024-11-23 03:10:15,820 [Worker-5: Building] INFO  o.a.m.s.f.DefaultMavenResourcesFiltering - skip non existing resourceDirectory C:\Mis Documentos\DevOps\Curso-DevOps\sesion07b\app-java-texto\src\test\resources
2024-11-23 03:10:30,296 [Worker-1: Building] INFO  o.a.m.s.f.DefaultMavenResourcesFiltering - Copying 0 resource from src\main\resources to target\classes
2024-11-23 03:10:30,298 [Worker-1: Building] INFO  o.a.m.s.f.DefaultMavenResourcesFiltering - Copying 0 resource from src\main\resources to target\classes
2024-11-23 03:10:30,302 [Worker-1: Building] INFO  o.a.m.s.f.DefaultMavenResourcesFiltering - skip non existing resourceDirectory C:\Mis Documentos\DevOps\Curso-DevOps\sesion07b\app-java-texto\src\test\resources
2024-11-23 03:10:39,462 [Worker-8: Launching Executing test in C__Mis Documentos_DevOps_Curso-DevOps_sesion07b_app-java-texto] INFO  o.eclipse.m2e.core.internal.Bundles - getClasspathEntries(Bundle=org.eclipse.m2e.maven.runtime_3.9.700.20240602-2313 [804])
2024-11-23 03:10:39,465 [Worker-8: Launching Executing test in C__Mis Documentos_DevOps_Curso-DevOps_sesion07b_app-java-texto] INFO  o.eclipse.m2e.core.internal.Bundles - 	Entry: D:\sts-4.22.0.RELEASE\plugins\org.eclipse.m2e.maven.runtime_3.9.700.20240602-2313
2024-11-23 03:10:39,465 [Worker-8: Launching Executing test in C__Mis Documentos_DevOps_Curso-DevOps_sesion07b_app-java-texto] INFO  o.eclipse.m2e.core.internal.Bundles - 	Entry: D:\sts-4.22.0.RELEASE\plugins\org.eclipse.m2e.maven.runtime_3.9.700.20240602-2313\jars\aopalliance-1.0.jar
2024-11-23 03:10:39,466 [Worker-8: Launching Executing test in C__Mis Documentos_DevOps_Curso-DevOps_sesion07b_app-java-texto] INFO  o.eclipse.m2e.core.internal.Bundles - 	Entry: D:\sts-4.22.0.RELEASE\plugins\org.eclipse.m2e.maven.runtime_3.9.700.20240602-2313\jars\guice-5.1.0.jar
2024-11-23 03:10:39,466 [Worker-8: Launching Executing test in C__Mis Documentos_DevOps_Curso-DevOps_sesion07b_app-java-texto] INFO  o.eclipse.m2e.core.internal.Bundles - 	Entry: D:\sts-4.22.0.RELEASE\plugins\org.eclipse.m2e.maven.runtime_3.9.700.20240602-2313\jars\httpclient-4.5.14.jar
2024-11-23 03:10:39,466 [Worker-8: Launching Executing test in C__Mis Documentos_DevOps_Curso-DevOps_sesion07b_app-java-texto] INFO  o.eclipse.m2e.core.internal.Bundles - 	Entry: D:\sts-4.22.0.RELEASE\plugins\org.eclipse.m2e.maven.runtime_3.9.700.20240602-2313\jars\httpcore-4.4.16.jar
2024-11-23 03:10:39,466 [Worker-8: Launching Executing test in C__Mis Documentos_DevOps_Curso-DevOps_sesion07b_app-java-texto] INFO  o.eclipse.m2e.core.internal.Bundles - 	Entry: D:\sts-4.22.0.RELEASE\plugins\org.eclipse.m2e.maven.runtime_3.9.700.20240602-2313\jars\jansi-2.4.1.jar
2024-11-23 03:10:39,466 [Worker-8: Launching Executing test in C__Mis Documentos_DevOps_Curso-DevOps_sesion07b_app-java-texto] INFO  o.eclipse.m2e.core.internal.Bundles - 	Entry: D:\sts-4.22.0.RELEASE\plugins\org.eclipse.m2e.maven.runtime_3.9.700.20240602-2313\jars\jcl-over-slf4j-1.7.36.jar
2024-11-23 03:10:39,467 [Worker-8: Launching Executing test in C__Mis Documentos_DevOps_Curso-DevOps_sesion07b_app-java-texto] INFO  o.eclipse.m2e.core.internal.Bundles - 	Entry: D:\sts-4.22.0.RELEASE\plugins\org.eclipse.m2e.maven.runtime_3.9.700.20240602-2313\jars\maven-artifact-3.9.7.jar
2024-11-23 03:10:39,467 [Worker-8: Launching Executing test in C__Mis Documentos_DevOps_Curso-DevOps_sesion07b_app-java-texto] INFO  o.eclipse.m2e.core.internal.Bundles - 	Entry: D:\sts-4.22.0.RELEASE\plugins\org.eclipse.m2e.maven.runtime_3.9.700.20240602-2313\jars\maven-builder-support-3.9.7.jar
2024-11-23 03:10:39,467 [Worker-8: Launching Executing test in C__Mis Documentos_DevOps_Curso-DevOps_sesion07b_app-java-texto] INFO  o.eclipse.m2e.core.internal.Bundles - 	Entry: D:\sts-4.22.0.RELEASE\plugins\org.eclipse.m2e.maven.runtime_3.9.700.20240602-2313\jars\maven-compat-3.9.7.jar
2024-11-23 03:10:39,467 [Worker-8: Launching Executing test in C__Mis Documentos_DevOps_Curso-DevOps_sesion07b_app-java-texto] INFO  o.eclipse.m2e.core.internal.Bundles - 	Entry: D:\sts-4.22.0.RELEASE\plugins\org.eclipse.m2e.maven.runtime_3.9.700.20240602-2313\jars\maven-core-3.9.7.jar
2024-11-23 03:10:39,467 [Worker-8: Launching Executing test in C__Mis Documentos_DevOps_Curso-DevOps_sesion07b_app-java-texto] INFO  o.eclipse.m2e.core.internal.Bundles - 	Entry: D:\sts-4.22.0.RELEASE\plugins\org.eclipse.m2e.maven.runtime_3.9.700.20240602-2313\jars\maven-embedder-3.9.7.jar
2024-11-23 03:10:39,467 [Worker-8: Launching Executing test in C__Mis Documentos_DevOps_Curso-DevOps_sesion07b_app-java-texto] INFO  o.eclipse.m2e.core.internal.Bundles - 	Entry: D:\sts-4.22.0.RELEASE\plugins\org.eclipse.m2e.maven.runtime_3.9.700.20240602-2313\jars\maven-model-3.9.7.jar
2024-11-23 03:10:39,467 [Worker-8: Launching Executing test in C__Mis Documentos_DevOps_Curso-DevOps_sesion07b_app-java-texto] INFO  o.eclipse.m2e.core.internal.Bundles - 	Entry: D:\sts-4.22.0.RELEASE\plugins\org.eclipse.m2e.maven.runtime_3.9.700.20240602-2313\jars\maven-model-builder-3.9.7.jar
2024-11-23 03:10:39,468 [Worker-8: Launching Executing test in C__Mis Documentos_DevOps_Curso-DevOps_sesion07b_app-java-texto] INFO  o.eclipse.m2e.core.internal.Bundles - 	Entry: D:\sts-4.22.0.RELEASE\plugins\org.eclipse.m2e.maven.runtime_3.9.700.20240602-2313\jars\maven-plugin-api-3.9.7.jar
2024-11-23 03:10:39,468 [Worker-8: Launching Executing test in C__Mis Documentos_DevOps_Curso-DevOps_sesion07b_app-java-texto] INFO  o.eclipse.m2e.core.internal.Bundles - 	Entry: D:\sts-4.22.0.RELEASE\plugins\org.eclipse.m2e.maven.runtime_3.9.700.20240602-2313\jars\maven-repository-metadata-3.9.7.jar
2024-11-23 03:10:39,468 [Worker-8: Launching Executing test in C__Mis Documentos_DevOps_Curso-DevOps_sesion07b_app-java-texto] INFO  o.eclipse.m2e.core.internal.Bundles - 	Entry: D:\sts-4.22.0.RELEASE\plugins\org.eclipse.m2e.maven.runtime_3.9.700.20240602-2313\jars\maven-resolver-api-1.9.20.jar
2024-11-23 03:10:39,468 [Worker-8: Launching Executing test in C__Mis Documentos_DevOps_Curso-DevOps_sesion07b_app-java-texto] INFO  o.eclipse.m2e.core.internal.Bundles - 	Entry: D:\sts-4.22.0.RELEASE\plugins\org.eclipse.m2e.maven.runtime_3.9.700.20240602-2313\jars\maven-resolver-connector-basic-1.9.20.jar
2024-11-23 03:10:39,468 [Worker-8: Launching Executing test in C__Mis Documentos_DevOps_Curso-DevOps_sesion07b_app-java-texto] INFO  o.eclipse.m2e.core.internal.Bundles - 	Entry: D:\sts-4.22.0.RELEASE\plugins\org.eclipse.m2e.maven.runtime_3.9.700.20240602-2313\jars\maven-resolver-impl-1.9.20.jar
2024-11-23 03:10:39,469 [Worker-8: Launching Executing test in C__Mis Documentos_DevOps_Curso-DevOps_sesion07b_app-java-texto] INFO  o.eclipse.m2e.core.internal.Bundles - 	Entry: D:\sts-4.22.0.RELEASE\plugins\org.eclipse.m2e.maven.runtime_3.9.700.20240602-2313\jars\maven-resolver-named-locks-1.9.20.jar
2024-11-23 03:10:39,469 [Worker-8: Launching Executing test in C__Mis Documentos_DevOps_Curso-DevOps_sesion07b_app-java-texto] INFO  o.eclipse.m2e.core.internal.Bundles - 	Entry: D:\sts-4.22.0.RELEASE\plugins\org.eclipse.m2e.maven.runtime_3.9.700.20240602-2313\jars\maven-resolver-provider-3.9.7.jar
2024-11-23 03:10:39,469 [Worker-8: Launching Executing test in C__Mis Documentos_DevOps_Curso-DevOps_sesion07b_app-java-texto] INFO  o.eclipse.m2e.core.internal.Bundles - 	Entry: D:\sts-4.22.0.RELEASE\plugins\org.eclipse.m2e.maven.runtime_3.9.700.20240602-2313\jars\maven-resolver-spi-1.9.20.jar
2024-11-23 03:10:39,469 [Worker-8: Launching Executing test in C__Mis Documentos_DevOps_Curso-DevOps_sesion07b_app-java-texto] INFO  o.eclipse.m2e.core.internal.Bundles - 	Entry: D:\sts-4.22.0.RELEASE\plugins\org.eclipse.m2e.maven.runtime_3.9.700.20240602-2313\jars\maven-resolver-transport-file-1.9.20.jar
2024-11-23 03:10:39,469 [Worker-8: Launching Executing test in C__Mis Documentos_DevOps_Curso-DevOps_sesion07b_app-java-texto] INFO  o.eclipse.m2e.core.internal.Bundles - 	Entry: D:\sts-4.22.0.RELEASE\plugins\org.eclipse.m2e.maven.runtime_3.9.700.20240602-2313\jars\maven-resolver-transport-http-1.9.20.jar
2024-11-23 03:10:39,470 [Worker-8: Launching Executing test in C__Mis Documentos_DevOps_Curso-DevOps_sesion07b_app-java-texto] INFO  o.eclipse.m2e.core.internal.Bundles - 	Entry: D:\sts-4.22.0.RELEASE\plugins\org.eclipse.m2e.maven.runtime_3.9.700.20240602-2313\jars\maven-resolver-transport-wagon-1.9.20.jar
2024-11-23 03:10:39,470 [Worker-8: Launching Executing test in C__Mis Documentos_DevOps_Curso-DevOps_sesion07b_app-java-texto] INFO  o.eclipse.m2e.core.internal.Bundles - 	Entry: D:\sts-4.22.0.RELEASE\plugins\org.eclipse.m2e.maven.runtime_3.9.700.20240602-2313\jars\maven-resolver-util-1.9.20.jar
2024-11-23 03:10:39,470 [Worker-8: Launching Executing test in C__Mis Documentos_DevOps_Curso-DevOps_sesion07b_app-java-texto] INFO  o.eclipse.m2e.core.internal.Bundles - 	Entry: D:\sts-4.22.0.RELEASE\plugins\org.eclipse.m2e.maven.runtime_3.9.700.20240602-2313\jars\maven-settings-3.9.7.jar
2024-11-23 03:10:39,470 [Worker-8: Launching Executing test in C__Mis Documentos_DevOps_Curso-DevOps_sesion07b_app-java-texto] INFO  o.eclipse.m2e.core.internal.Bundles - 	Entry: D:\sts-4.22.0.RELEASE\plugins\org.eclipse.m2e.maven.runtime_3.9.700.20240602-2313\jars\maven-settings-builder-3.9.7.jar
2024-11-23 03:10:39,470 [Worker-8: Launching Executing test in C__Mis Documentos_DevOps_Curso-DevOps_sesion07b_app-java-texto] INFO  o.eclipse.m2e.core.internal.Bundles - 	Entry: D:\sts-4.22.0.RELEASE\plugins\org.eclipse.m2e.maven.runtime_3.9.700.20240602-2313\jars\maven-shared-utils-3.4.2.jar
2024-11-23 03:10:39,470 [Worker-8: Launching Executing test in C__Mis Documentos_DevOps_Curso-DevOps_sesion07b_app-java-texto] INFO  o.eclipse.m2e.core.internal.Bundles - 	Entry: D:\sts-4.22.0.RELEASE\plugins\org.eclipse.m2e.maven.runtime_3.9.700.20240602-2313\jars\org.eclipse.sisu.inject-0.9.0.M2.jar
2024-11-23 03:10:39,471 [Worker-8: Launching Executing test in C__Mis Documentos_DevOps_Curso-DevOps_sesion07b_app-java-texto] INFO  o.eclipse.m2e.core.internal.Bundles - 	Entry: D:\sts-4.22.0.RELEASE\plugins\org.eclipse.m2e.maven.runtime_3.9.700.20240602-2313\jars\org.eclipse.sisu.plexus-0.9.0.M2.jar
2024-11-23 03:10:39,471 [Worker-8: Launching Executing test in C__Mis Documentos_DevOps_Curso-DevOps_sesion07b_app-java-texto] INFO  o.eclipse.m2e.core.internal.Bundles - 	Entry: D:\sts-4.22.0.RELEASE\plugins\org.eclipse.m2e.maven.runtime_3.9.700.20240602-2313\jars\plexus-build-api-0.0.7.jar
2024-11-23 03:10:39,471 [Worker-8: Launching Executing test in C__Mis Documentos_DevOps_Curso-DevOps_sesion07b_app-java-texto] INFO  o.eclipse.m2e.core.internal.Bundles - 	Entry: D:\sts-4.22.0.RELEASE\plugins\org.eclipse.m2e.maven.runtime_3.9.700.20240602-2313\jars\plexus-build-api-1.2.0.jar
2024-11-23 03:10:39,471 [Worker-8: Launching Executing test in C__Mis Documentos_DevOps_Curso-DevOps_sesion07b_app-java-texto] INFO  o.eclipse.m2e.core.internal.Bundles - 	Entry: D:\sts-4.22.0.RELEASE\plugins\org.eclipse.m2e.maven.runtime_3.9.700.20240602-2313\jars\plexus-cipher-2.0.jar
2024-11-23 03:10:39,472 [Worker-8: Launching Executing test in C__Mis Documentos_DevOps_Curso-DevOps_sesion07b_app-java-texto] INFO  o.eclipse.m2e.core.internal.Bundles - 	Entry: D:\sts-4.22.0.RELEASE\plugins\org.eclipse.m2e.maven.runtime_3.9.700.20240602-2313\jars\plexus-classworlds-2.8.0.jar
2024-11-23 03:10:39,472 [Worker-8: Launching Executing test in C__Mis Documentos_DevOps_Curso-DevOps_sesion07b_app-java-texto] INFO  o.eclipse.m2e.core.internal.Bundles - 	Entry: D:\sts-4.22.0.RELEASE\plugins\org.eclipse.m2e.maven.runtime_3.9.700.20240602-2313\jars\plexus-component-annotations-2.1.0.jar
2024-11-23 03:10:39,472 [Worker-8: Launching Executing test in C__Mis Documentos_DevOps_Curso-DevOps_sesion07b_app-java-texto] INFO  o.eclipse.m2e.core.internal.Bundles - 	Entry: D:\sts-4.22.0.RELEASE\plugins\org.eclipse.m2e.maven.runtime_3.9.700.20240602-2313\jars\plexus-interpolation-1.27.jar
2024-11-23 03:10:39,472 [Worker-8: Launching Executing test in C__Mis Documentos_DevOps_Curso-DevOps_sesion07b_app-java-texto] INFO  o.eclipse.m2e.core.internal.Bundles - 	Entry: D:\sts-4.22.0.RELEASE\plugins\org.eclipse.m2e.maven.runtime_3.9.700.20240602-2313\jars\plexus-sec-dispatcher-2.0.jar
2024-11-23 03:10:39,472 [Worker-8: Launching Executing test in C__Mis Documentos_DevOps_Curso-DevOps_sesion07b_app-java-texto] INFO  o.eclipse.m2e.core.internal.Bundles - 	Entry: D:\sts-4.22.0.RELEASE\plugins\org.eclipse.m2e.maven.runtime_3.9.700.20240602-2313\jars\plexus-utils-3.5.1.jar
2024-11-23 03:10:39,472 [Worker-8: Launching Executing test in C__Mis Documentos_DevOps_Curso-DevOps_sesion07b_app-java-texto] INFO  o.eclipse.m2e.core.internal.Bundles - 	Entry: D:\sts-4.22.0.RELEASE\plugins\org.eclipse.m2e.maven.runtime_3.9.700.20240602-2313\jars\wagon-file-3.5.3.jar
2024-11-23 03:10:39,473 [Worker-8: Launching Executing test in C__Mis Documentos_DevOps_Curso-DevOps_sesion07b_app-java-texto] INFO  o.eclipse.m2e.core.internal.Bundles - 	Entry: D:\sts-4.22.0.RELEASE\plugins\org.eclipse.m2e.maven.runtime_3.9.700.20240602-2313\jars\wagon-http-3.5.3.jar
2024-11-23 03:10:39,473 [Worker-8: Launching Executing test in C__Mis Documentos_DevOps_Curso-DevOps_sesion07b_app-java-texto] INFO  o.eclipse.m2e.core.internal.Bundles - 	Entry: D:\sts-4.22.0.RELEASE\plugins\org.eclipse.m2e.maven.runtime_3.9.700.20240602-2313\jars\wagon-http-shared-3.5.3.jar
2024-11-23 03:10:39,473 [Worker-8: Launching Executing test in C__Mis Documentos_DevOps_Curso-DevOps_sesion07b_app-java-texto] INFO  o.eclipse.m2e.core.internal.Bundles - 	Entry: D:\sts-4.22.0.RELEASE\plugins\org.eclipse.m2e.maven.runtime_3.9.700.20240602-2313\jars\wagon-provider-api-3.5.3.jar
2024-11-23 03:10:39,474 [Worker-8: Launching Executing test in C__Mis Documentos_DevOps_Curso-DevOps_sesion07b_app-java-texto] INFO  o.eclipse.m2e.core.internal.Bundles - getClasspathEntries(Bundle=com.google.guava_33.2.0.jre [600])
2024-11-23 03:10:39,474 [Worker-8: Launching Executing test in C__Mis Documentos_DevOps_Curso-DevOps_sesion07b_app-java-texto] INFO  o.eclipse.m2e.core.internal.Bundles - 	Entry: D:\sts-4.22.0.RELEASE\plugins\com.google.guava_33.2.0.jre.jar
2024-11-23 03:10:39,474 [Worker-8: Launching Executing test in C__Mis Documentos_DevOps_Curso-DevOps_sesion07b_app-java-texto] INFO  o.eclipse.m2e.core.internal.Bundles - getClasspathEntries(Bundle=slf4j.api_2.0.13 [936])
2024-11-23 03:10:39,474 [Worker-8: Launching Executing test in C__Mis Documentos_DevOps_Curso-DevOps_sesion07b_app-java-texto] INFO  o.eclipse.m2e.core.internal.Bundles - 	Entry: D:\sts-4.22.0.RELEASE\plugins\slf4j.api_2.0.13.jar
2024-11-23 03:10:39,474 [Worker-8: Launching Executing test in C__Mis Documentos_DevOps_Curso-DevOps_sesion07b_app-java-texto] INFO  o.eclipse.m2e.core.internal.Bundles - getClasspathEntries(Bundle=jakarta.inject.jakarta.inject-api_1.0.5 [44])
2024-11-23 03:10:39,475 [Worker-8: Launching Executing test in C__Mis Documentos_DevOps_Curso-DevOps_sesion07b_app-java-texto] INFO  o.eclipse.m2e.core.internal.Bundles - 	Entry: D:\sts-4.22.0.RELEASE\plugins\jakarta.inject.jakarta.inject-api_1.0.5.jar
2024-11-23 03:10:39,475 [Worker-8: Launching Executing test in C__Mis Documentos_DevOps_Curso-DevOps_sesion07b_app-java-texto] INFO  o.eclipse.m2e.core.internal.Bundles - getClasspathEntries(Bundle=javax.annotation_1.3.5.v20200909-1856 [608])
2024-11-23 03:10:39,475 [Worker-8: Launching Executing test in C__Mis Documentos_DevOps_Curso-DevOps_sesion07b_app-java-texto] INFO  o.eclipse.m2e.core.internal.Bundles - 	Entry: D:\sts-4.22.0.RELEASE\plugins\javax.annotation_1.3.5.v20200909-1856.jar
2024-11-23 03:10:39,475 [Worker-8: Launching Executing test in C__Mis Documentos_DevOps_Curso-DevOps_sesion07b_app-java-texto] INFO  o.eclipse.m2e.core.internal.Bundles - getClasspathEntries(Bundle=org.apache.commons.cli_1.8.0 [610])
2024-11-23 03:10:39,475 [Worker-8: Launching Executing test in C__Mis Documentos_DevOps_Curso-DevOps_sesion07b_app-java-texto] INFO  o.eclipse.m2e.core.internal.Bundles - 	Entry: D:\sts-4.22.0.RELEASE\plugins\org.apache.commons.cli_1.8.0.jar
2024-11-23 03:10:39,475 [Worker-8: Launching Executing test in C__Mis Documentos_DevOps_Curso-DevOps_sesion07b_app-java-texto] INFO  o.eclipse.m2e.core.internal.Bundles - getClasspathEntries(Bundle=org.apache.commons.commons-codec_1.16.0 [77])
2024-11-23 03:10:39,475 [Worker-8: Launching Executing test in C__Mis Documentos_DevOps_Curso-DevOps_sesion07b_app-java-texto] INFO  o.eclipse.m2e.core.internal.Bundles - 	Entry: D:\sts-4.22.0.RELEASE\plugins\org.apache.commons.commons-codec_1.16.0.jar
2024-11-23 03:10:39,475 [Worker-8: Launching Executing test in C__Mis Documentos_DevOps_Curso-DevOps_sesion07b_app-java-texto] INFO  o.eclipse.m2e.core.internal.Bundles - getClasspathEntries(Bundle=org.apache.commons.lang3_3.14.0 [81])
2024-11-23 03:10:39,476 [Worker-8: Launching Executing test in C__Mis Documentos_DevOps_Curso-DevOps_sesion07b_app-java-texto] INFO  o.eclipse.m2e.core.internal.Bundles - 	Entry: D:\sts-4.22.0.RELEASE\plugins\org.apache.commons.lang3_3.14.0.jar
2024-11-23 03:10:39,476 [Worker-8: Launching Executing test in C__Mis Documentos_DevOps_Curso-DevOps_sesion07b_app-java-texto] INFO  o.eclipse.m2e.core.internal.Bundles - getClasspathEntries(Bundle=com.google.guava.failureaccess_1.0.2 [29])
2024-11-23 03:10:39,476 [Worker-8: Launching Executing test in C__Mis Documentos_DevOps_Curso-DevOps_sesion07b_app-java-texto] INFO  o.eclipse.m2e.core.internal.Bundles - 	Entry: D:\sts-4.22.0.RELEASE\plugins\com.google.guava.failureaccess_1.0.2.jar
2024-11-23 03:10:39,482 [Worker-8: Launching Executing test in C__Mis Documentos_DevOps_Curso-DevOps_sesion07b_app-java-texto] INFO  o.e.m.i.launch.MavenLaunchDelegate - Run build in "C:\Mis Documentos\DevOps\Curso-DevOps\sesion07b\app-java-texto":
2024-11-23 03:10:39,488 [Worker-8: Launching Executing test in C__Mis Documentos_DevOps_Curso-DevOps_sesion07b_app-java-texto] INFO  o.e.m.i.launch.MavenLaunchDelegate -  mvn  -B -Dstyle.color=always test
2024-11-23 03:15:23,016 [Worker-14: Building] INFO  o.a.m.s.f.DefaultMavenResourcesFiltering - Copying 1 resource from src\main\resources to target\classes
2024-11-23 03:15:23,027 [Worker-14: Building] INFO  o.a.m.s.f.DefaultMavenResourcesFiltering - Copying 0 resource from src\main\resources to target\classes
2024-11-23 03:15:23,035 [Worker-14: Building] INFO  o.a.m.s.f.DefaultMavenResourcesFiltering - skip non existing resourceDirectory C:\Mis Documentos\DevOps\Curso-DevOps\sesion07b\app-java-texto\src\test\resources
2024-11-23 03:16:26,164 [Worker-11: Building] INFO  o.a.m.s.f.DefaultMavenResourcesFiltering - Copying 0 resource from src\main\resources to target\classes
2024-11-23 03:16:26,165 [Worker-11: Building] INFO  o.a.m.s.f.DefaultMavenResourcesFiltering - Copying 0 resource from src\main\resources to target\classes
2024-11-23 03:16:26,170 [Worker-11: Building] INFO  o.a.m.s.f.DefaultMavenResourcesFiltering - skip non existing resourceDirectory C:\Mis Documentos\DevOps\Curso-DevOps\sesion07b\app-java-texto\src\test\resources
2024-11-23 03:17:43,208 [Worker-18: Building] INFO  o.a.m.s.f.DefaultMavenResourcesFiltering - Copying 1 resource from src\main\resources to target\classes
2024-11-23 03:17:43,213 [Worker-18: Building] INFO  o.a.m.s.f.DefaultMavenResourcesFiltering - Copying 0 resource from src\main\resources to target\classes
2024-11-23 03:17:43,216 [Worker-18: Building] INFO  o.a.m.s.f.DefaultMavenResourcesFiltering - skip non existing resourceDirectory C:\Mis Documentos\DevOps\Curso-DevOps\sesion07b\app-java-texto\src\test\resources
2024-11-23 03:21:30,690 [Worker-19: Building] INFO  o.a.m.s.f.DefaultMavenResourcesFiltering - Copying 1 resource from src\main\resources to target\classes
2024-11-23 03:21:30,697 [Worker-19: Building] INFO  o.a.m.s.f.DefaultMavenResourcesFiltering - Copying 0 resource from src\main\resources to target\classes
2024-11-23 03:21:30,701 [Worker-19: Building] INFO  o.a.m.s.f.DefaultMavenResourcesFiltering - skip non existing resourceDirectory C:\Mis Documentos\DevOps\Curso-DevOps\sesion07b\app-java-texto\src\test\resources
2024-11-23 03:21:44,742 [Worker-20: Building] INFO  o.a.m.s.f.DefaultMavenResourcesFiltering - Copying 1 resource from src\main\resources to target\classes
2024-11-23 03:21:44,751 [Worker-20: Building] INFO  o.a.m.s.f.DefaultMavenResourcesFiltering - Copying 0 resource from src\main\resources to target\classes
2024-11-23 03:21:44,754 [Worker-20: Building] INFO  o.a.m.s.f.DefaultMavenResourcesFiltering - skip non existing resourceDirectory C:\Mis Documentos\DevOps\Curso-DevOps\sesion07b\app-java-texto\src\test\resources
2024-11-23 03:26:44,266 [Start Help Server] INFO  org.eclipse.jetty.server.Server - jetty-12.0.9; built: 2024-05-03T13:03:17.262Z; git: efe8023327e67287f9bfd006700e6a71d45b5dd6; jvm 22.0.2+9
2024-11-23 03:26:44,387 [Start Help Server] INFO  o.e.j.server.handler.ContextHandler - Started oeje8n.ContextHandler$CoreContextHandler@3571043a{/help,/help,b=null,a=AVAILABLE,h=oeje8n.ContextHandler$CoreContextHandler$CoreToNestedHandler@1edb1c5f{STARTED}}
2024-11-23 03:26:44,387 [Start Help Server] INFO  o.e.j.s.DefaultSessionIdManager - Session workerName=node0
2024-11-23 03:26:44,418 [Start Help Server] INFO  o.e.jetty.server.AbstractConnector - Started ServerConnector@310bc947{HTTP/1.1, (http/1.1)}{127.0.0.1:49935}
2024-11-23 03:26:44,431 [Start Help Server] INFO  org.eclipse.jetty.server.Server - Started oejs.Server@bf62502{STARTING}[12.0.9,sto=0] @1195771ms
2024-11-23 03:34:06,787 [Worker-27: Building] INFO  o.a.m.s.f.DefaultMavenResourcesFiltering - Copying 1 resource from src\main\resources to target\classes
2024-11-23 03:34:06,793 [Worker-27: Building] INFO  o.a.m.s.f.DefaultMavenResourcesFiltering - Copying 0 resource from src\main\resources to target\classes
2024-11-23 03:34:06,798 [Worker-27: Building] INFO  o.a.m.s.f.DefaultMavenResourcesFiltering - skip non existing resourceDirectory C:\Mis Documentos\DevOps\Curso-DevOps\sesion07b\app-java-texto\src\test\resources
2024-11-23 03:34:42,927 [Worker-27: Building] INFO  o.a.m.s.f.DefaultMavenResourcesFiltering - Copying 0 resource from src\main\resources to target\classes
2024-11-23 03:34:42,929 [Worker-27: Building] INFO  o.a.m.s.f.DefaultMavenResourcesFiltering - Copying 0 resource from src\main\resources to target\classes
2024-11-23 03:34:42,934 [Worker-27: Building] INFO  o.a.m.s.f.DefaultMavenResourcesFiltering - skip non existing resourceDirectory C:\Mis Documentos\DevOps\Curso-DevOps\sesion07b\app-java-texto\src\test\resources
2024-11-23 03:37:39,591 [Worker-31: Building] INFO  o.a.m.s.f.DefaultMavenResourcesFiltering - Copying 0 resource from src\main\resources to target\classes
2024-11-23 03:37:39,593 [Worker-31: Building] INFO  o.a.m.s.f.DefaultMavenResourcesFiltering - Copying 0 resource from src\main\resources to target\classes
2024-11-23 03:37:39,596 [Worker-31: Building] INFO  o.a.m.s.f.DefaultMavenResourcesFiltering - skip non existing resourceDirectory C:\Mis Documentos\DevOps\Curso-DevOps\sesion07b\app-java-texto\src\test\resources
2024-11-23 03:38:52,464 [Worker-30: Building] INFO  o.a.m.s.f.DefaultMavenResourcesFiltering - Copying 0 resource from src\main\resources to target\classes
2024-11-23 03:38:52,464 [Worker-30: Building] INFO  o.a.m.s.f.DefaultMavenResourcesFiltering - Copying 0 resource from src\main\resources to target\classes
2024-11-23 03:38:52,467 [Worker-30: Building] INFO  o.a.m.s.f.DefaultMavenResourcesFiltering - skip non existing resourceDirectory C:\Mis Documentos\DevOps\Curso-DevOps\sesion07b\app-java-texto\src\test\resources
2024-11-23 03:40:00,468 [Worker-32: Launching Executing clean in C__Mis Documentos_DevOps_Curso-DevOps_sesion07b_app-java-texto] INFO  o.eclipse.m2e.core.internal.Bundles - getClasspathEntries(Bundle=org.eclipse.m2e.maven.runtime_3.9.700.20240602-2313 [804])
2024-11-23 03:40:00,468 [Worker-32: Launching Executing clean in C__Mis Documentos_DevOps_Curso-DevOps_sesion07b_app-java-texto] INFO  o.eclipse.m2e.core.internal.Bundles - 	Entry: D:\sts-4.22.0.RELEASE\plugins\org.eclipse.m2e.maven.runtime_3.9.700.20240602-2313
2024-11-23 03:40:00,469 [Worker-32: Launching Executing clean in C__Mis Documentos_DevOps_Curso-DevOps_sesion07b_app-java-texto] INFO  o.eclipse.m2e.core.internal.Bundles - 	Entry: D:\sts-4.22.0.RELEASE\plugins\org.eclipse.m2e.maven.runtime_3.9.700.20240602-2313\jars\aopalliance-1.0.jar
2024-11-23 03:40:00,469 [Worker-32: Launching Executing clean in C__Mis Documentos_DevOps_Curso-DevOps_sesion07b_app-java-texto] INFO  o.eclipse.m2e.core.internal.Bundles - 	Entry: D:\sts-4.22.0.RELEASE\plugins\org.eclipse.m2e.maven.runtime_3.9.700.20240602-2313\jars\guice-5.1.0.jar
2024-11-23 03:40:00,469 [Worker-32: Launching Executing clean in C__Mis Documentos_DevOps_Curso-DevOps_sesion07b_app-java-texto] INFO  o.eclipse.m2e.core.internal.Bundles - 	Entry: D:\sts-4.22.0.RELEASE\plugins\org.eclipse.m2e.maven.runtime_3.9.700.20240602-2313\jars\httpclient-4.5.14.jar
2024-11-23 03:40:00,469 [Worker-32: Launching Executing clean in C__Mis Documentos_DevOps_Curso-DevOps_sesion07b_app-java-texto] INFO  o.eclipse.m2e.core.internal.Bundles - 	Entry: D:\sts-4.22.0.RELEASE\plugins\org.eclipse.m2e.maven.runtime_3.9.700.20240602-2313\jars\httpcore-4.4.16.jar
2024-11-23 03:40:00,469 [Worker-32: Launching Executing clean in C__Mis Documentos_DevOps_Curso-DevOps_sesion07b_app-java-texto] INFO  o.eclipse.m2e.core.internal.Bundles - 	Entry: D:\sts-4.22.0.RELEASE\plugins\org.eclipse.m2e.maven.runtime_3.9.700.20240602-2313\jars\jansi-2.4.1.jar
2024-11-23 03:40:00,470 [Worker-32: Launching Executing clean in C__Mis Documentos_DevOps_Curso-DevOps_sesion07b_app-java-texto] INFO  o.eclipse.m2e.core.internal.Bundles - 	Entry: D:\sts-4.22.0.RELEASE\plugins\org.eclipse.m2e.maven.runtime_3.9.700.20240602-2313\jars\jcl-over-slf4j-1.7.36.jar
2024-11-23 03:40:00,470 [Worker-32: Launching Executing clean in C__Mis Documentos_DevOps_Curso-DevOps_sesion07b_app-java-texto] INFO  o.eclipse.m2e.core.internal.Bundles - 	Entry: D:\sts-4.22.0.RELEASE\plugins\org.eclipse.m2e.maven.runtime_3.9.700.20240602-2313\jars\maven-artifact-3.9.7.jar
2024-11-23 03:40:00,470 [Worker-32: Launching Executing clean in C__Mis Documentos_DevOps_Curso-DevOps_sesion07b_app-java-texto] INFO  o.eclipse.m2e.core.internal.Bundles - 	Entry: D:\sts-4.22.0.RELEASE\plugins\org.eclipse.m2e.maven.runtime_3.9.700.20240602-2313\jars\maven-builder-support-3.9.7.jar
2024-11-23 03:40:00,470 [Worker-32: Launching Executing clean in C__Mis Documentos_DevOps_Curso-DevOps_sesion07b_app-java-texto] INFO  o.eclipse.m2e.core.internal.Bundles - 	Entry: D:\sts-4.22.0.RELEASE\plugins\org.eclipse.m2e.maven.runtime_3.9.700.20240602-2313\jars\maven-compat-3.9.7.jar
2024-11-23 03:40:00,471 [Worker-32: Launching Executing clean in C__Mis Documentos_DevOps_Curso-DevOps_sesion07b_app-java-texto] INFO  o.eclipse.m2e.core.internal.Bundles - 	Entry: D:\sts-4.22.0.RELEASE\plugins\org.eclipse.m2e.maven.runtime_3.9.700.20240602-2313\jars\maven-core-3.9.7.jar
2024-11-23 03:40:00,471 [Worker-32: Launching Executing clean in C__Mis Documentos_DevOps_Curso-DevOps_sesion07b_app-java-texto] INFO  o.eclipse.m2e.core.internal.Bundles - 	Entry: D:\sts-4.22.0.RELEASE\plugins\org.eclipse.m2e.maven.runtime_3.9.700.20240602-2313\jars\maven-embedder-3.9.7.jar
2024-11-23 03:40:00,471 [Worker-32: Launching Executing clean in C__Mis Documentos_DevOps_Curso-DevOps_sesion07b_app-java-texto] INFO  o.eclipse.m2e.core.internal.Bundles - 	Entry: D:\sts-4.22.0.RELEASE\plugins\org.eclipse.m2e.maven.runtime_3.9.700.20240602-2313\jars\maven-model-3.9.7.jar
2024-11-23 03:40:00,472 [Worker-32: Launching Executing clean in C__Mis Documentos_DevOps_Curso-DevOps_sesion07b_app-java-texto] INFO  o.eclipse.m2e.core.internal.Bundles - 	Entry: D:\sts-4.22.0.RELEASE\plugins\org.eclipse.m2e.maven.runtime_3.9.700.20240602-2313\jars\maven-model-builder-3.9.7.jar
2024-11-23 03:40:00,472 [Worker-32: Launching Executing clean in C__Mis Documentos_DevOps_Curso-DevOps_sesion07b_app-java-texto] INFO  o.eclipse.m2e.core.internal.Bundles - 	Entry: D:\sts-4.22.0.RELEASE\plugins\org.eclipse.m2e.maven.runtime_3.9.700.20240602-2313\jars\maven-plugin-api-3.9.7.jar
2024-11-23 03:40:00,472 [Worker-32: Launching Executing clean in C__Mis Documentos_DevOps_Curso-DevOps_sesion07b_app-java-texto] INFO  o.eclipse.m2e.core.internal.Bundles - 	Entry: D:\sts-4.22.0.RELEASE\plugins\org.eclipse.m2e.maven.runtime_3.9.700.20240602-2313\jars\maven-repository-metadata-3.9.7.jar
2024-11-23 03:40:00,473 [Worker-32: Launching Executing clean in C__Mis Documentos_DevOps_Curso-DevOps_sesion07b_app-java-texto] INFO  o.eclipse.m2e.core.internal.Bundles - 	Entry: D:\sts-4.22.0.RELEASE\plugins\org.eclipse.m2e.maven.runtime_3.9.700.20240602-2313\jars\maven-resolver-api-1.9.20.jar
2024-11-23 03:40:00,473 [Worker-32: Launching Executing clean in C__Mis Documentos_DevOps_Curso-DevOps_sesion07b_app-java-texto] INFO  o.eclipse.m2e.core.internal.Bundles - 	Entry: D:\sts-4.22.0.RELEASE\plugins\org.eclipse.m2e.maven.runtime_3.9.700.20240602-2313\jars\maven-resolver-connector-basic-1.9.20.jar
2024-11-23 03:40:00,474 [Worker-32: Launching Executing clean in C__Mis Documentos_DevOps_Curso-DevOps_sesion07b_app-java-texto] INFO  o.eclipse.m2e.core.internal.Bundles - 	Entry: D:\sts-4.22.0.RELEASE\plugins\org.eclipse.m2e.maven.runtime_3.9.700.20240602-2313\jars\maven-resolver-impl-1.9.20.jar
2024-11-23 03:40:00,474 [Worker-32: Launching Executing clean in C__Mis Documentos_DevOps_Curso-DevOps_sesion07b_app-java-texto] INFO  o.eclipse.m2e.core.internal.Bundles - 	Entry: D:\sts-4.22.0.RELEASE\plugins\org.eclipse.m2e.maven.runtime_3.9.700.20240602-2313\jars\maven-resolver-named-locks-1.9.20.jar
2024-11-23 03:40:00,474 [Worker-32: Launching Executing clean in C__Mis Documentos_DevOps_Curso-DevOps_sesion07b_app-java-texto] INFO  o.eclipse.m2e.core.internal.Bundles - 	Entry: D:\sts-4.22.0.RELEASE\plugins\org.eclipse.m2e.maven.runtime_3.9.700.20240602-2313\jars\maven-resolver-provider-3.9.7.jar
2024-11-23 03:40:00,474 [Worker-32: Launching Executing clean in C__Mis Documentos_DevOps_Curso-DevOps_sesion07b_app-java-texto] INFO  o.eclipse.m2e.core.internal.Bundles - 	Entry: D:\sts-4.22.0.RELEASE\plugins\org.eclipse.m2e.maven.runtime_3.9.700.20240602-2313\jars\maven-resolver-spi-1.9.20.jar
2024-11-23 03:40:00,474 [Worker-32: Launching Executing clean in C__Mis Documentos_DevOps_Curso-DevOps_sesion07b_app-java-texto] INFO  o.eclipse.m2e.core.internal.Bundles - 	Entry: D:\sts-4.22.0.RELEASE\plugins\org.eclipse.m2e.maven.runtime_3.9.700.20240602-2313\jars\maven-resolver-transport-file-1.9.20.jar
2024-11-23 03:40:00,475 [Worker-32: Launching Executing clean in C__Mis Documentos_DevOps_Curso-DevOps_sesion07b_app-java-texto] INFO  o.eclipse.m2e.core.internal.Bundles - 	Entry: D:\sts-4.22.0.RELEASE\plugins\org.eclipse.m2e.maven.runtime_3.9.700.20240602-2313\jars\maven-resolver-transport-http-1.9.20.jar
2024-11-23 03:40:00,475 [Worker-32: Launching Executing clean in C__Mis Documentos_DevOps_Curso-DevOps_sesion07b_app-java-texto] INFO  o.eclipse.m2e.core.internal.Bundles - 	Entry: D:\sts-4.22.0.RELEASE\plugins\org.eclipse.m2e.maven.runtime_3.9.700.20240602-2313\jars\maven-resolver-transport-wagon-1.9.20.jar
2024-11-23 03:40:00,475 [Worker-32: Launching Executing clean in C__Mis Documentos_DevOps_Curso-DevOps_sesion07b_app-java-texto] INFO  o.eclipse.m2e.core.internal.Bundles - 	Entry: D:\sts-4.22.0.RELEASE\plugins\org.eclipse.m2e.maven.runtime_3.9.700.20240602-2313\jars\maven-resolver-util-1.9.20.jar
2024-11-23 03:40:00,475 [Worker-32: Launching Executing clean in C__Mis Documentos_DevOps_Curso-DevOps_sesion07b_app-java-texto] INFO  o.eclipse.m2e.core.internal.Bundles - 	Entry: D:\sts-4.22.0.RELEASE\plugins\org.eclipse.m2e.maven.runtime_3.9.700.20240602-2313\jars\maven-settings-3.9.7.jar
2024-11-23 03:40:00,475 [Worker-32: Launching Executing clean in C__Mis Documentos_DevOps_Curso-DevOps_sesion07b_app-java-texto] INFO  o.eclipse.m2e.core.internal.Bundles - 	Entry: D:\sts-4.22.0.RELEASE\plugins\org.eclipse.m2e.maven.runtime_3.9.700.20240602-2313\jars\maven-settings-builder-3.9.7.jar
2024-11-23 03:40:00,475 [Worker-32: Launching Executing clean in C__Mis Documentos_DevOps_Curso-DevOps_sesion07b_app-java-texto] INFO  o.eclipse.m2e.core.internal.Bundles - 	Entry: D:\sts-4.22.0.RELEASE\plugins\org.eclipse.m2e.maven.runtime_3.9.700.20240602-2313\jars\maven-shared-utils-3.4.2.jar
2024-11-23 03:40:00,476 [Worker-32: Launching Executing clean in C__Mis Documentos_DevOps_Curso-DevOps_sesion07b_app-java-texto] INFO  o.eclipse.m2e.core.internal.Bundles - 	Entry: D:\sts-4.22.0.RELEASE\plugins\org.eclipse.m2e.maven.runtime_3.9.700.20240602-2313\jars\org.eclipse.sisu.inject-0.9.0.M2.jar
2024-11-23 03:40:00,476 [Worker-32: Launching Executing clean in C__Mis Documentos_DevOps_Curso-DevOps_sesion07b_app-java-texto] INFO  o.eclipse.m2e.core.internal.Bundles - 	Entry: D:\sts-4.22.0.RELEASE\plugins\org.eclipse.m2e.maven.runtime_3.9.700.20240602-2313\jars\org.eclipse.sisu.plexus-0.9.0.M2.jar
2024-11-23 03:40:00,476 [Worker-32: Launching Executing clean in C__Mis Documentos_DevOps_Curso-DevOps_sesion07b_app-java-texto] INFO  o.eclipse.m2e.core.internal.Bundles - 	Entry: D:\sts-4.22.0.RELEASE\plugins\org.eclipse.m2e.maven.runtime_3.9.700.20240602-2313\jars\plexus-build-api-0.0.7.jar
2024-11-23 03:40:00,476 [Worker-32: Launching Executing clean in C__Mis Documentos_DevOps_Curso-DevOps_sesion07b_app-java-texto] INFO  o.eclipse.m2e.core.internal.Bundles - 	Entry: D:\sts-4.22.0.RELEASE\plugins\org.eclipse.m2e.maven.runtime_3.9.700.20240602-2313\jars\plexus-build-api-1.2.0.jar
2024-11-23 03:40:00,476 [Worker-32: Launching Executing clean in C__Mis Documentos_DevOps_Curso-DevOps_sesion07b_app-java-texto] INFO  o.eclipse.m2e.core.internal.Bundles - 	Entry: D:\sts-4.22.0.RELEASE\plugins\org.eclipse.m2e.maven.runtime_3.9.700.20240602-2313\jars\plexus-cipher-2.0.jar
2024-11-23 03:40:00,476 [Worker-32: Launching Executing clean in C__Mis Documentos_DevOps_Curso-DevOps_sesion07b_app-java-texto] INFO  o.eclipse.m2e.core.internal.Bundles - 	Entry: D:\sts-4.22.0.RELEASE\plugins\org.eclipse.m2e.maven.runtime_3.9.700.20240602-2313\jars\plexus-classworlds-2.8.0.jar
2024-11-23 03:40:00,477 [Worker-32: Launching Executing clean in C__Mis Documentos_DevOps_Curso-DevOps_sesion07b_app-java-texto] INFO  o.eclipse.m2e.core.internal.Bundles - 	Entry: D:\sts-4.22.0.RELEASE\plugins\org.eclipse.m2e.maven.runtime_3.9.700.20240602-2313\jars\plexus-component-annotations-2.1.0.jar
2024-11-23 03:40:00,477 [Worker-32: Launching Executing clean in C__Mis Documentos_DevOps_Curso-DevOps_sesion07b_app-java-texto] INFO  o.eclipse.m2e.core.internal.Bundles - 	Entry: D:\sts-4.22.0.RELEASE\plugins\org.eclipse.m2e.maven.runtime_3.9.700.20240602-2313\jars\plexus-interpolation-1.27.jar
2024-11-23 03:40:00,477 [Worker-32: Launching Executing clean in C__Mis Documentos_DevOps_Curso-DevOps_sesion07b_app-java-texto] INFO  o.eclipse.m2e.core.internal.Bundles - 	Entry: D:\sts-4.22.0.RELEASE\plugins\org.eclipse.m2e.maven.runtime_3.9.700.20240602-2313\jars\plexus-sec-dispatcher-2.0.jar
2024-11-23 03:40:00,477 [Worker-32: Launching Executing clean in C__Mis Documentos_DevOps_Curso-DevOps_sesion07b_app-java-texto] INFO  o.eclipse.m2e.core.internal.Bundles - 	Entry: D:\sts-4.22.0.RELEASE\plugins\org.eclipse.m2e.maven.runtime_3.9.700.20240602-2313\jars\plexus-utils-3.5.1.jar
2024-11-23 03:40:00,477 [Worker-32: Launching Executing clean in C__Mis Documentos_DevOps_Curso-DevOps_sesion07b_app-java-texto] INFO  o.eclipse.m2e.core.internal.Bundles - 	Entry: D:\sts-4.22.0.RELEASE\plugins\org.eclipse.m2e.maven.runtime_3.9.700.20240602-2313\jars\wagon-file-3.5.3.jar
2024-11-23 03:40:00,477 [Worker-32: Launching Executing clean in C__Mis Documentos_DevOps_Curso-DevOps_sesion07b_app-java-texto] INFO  o.eclipse.m2e.core.internal.Bundles - 	Entry: D:\sts-4.22.0.RELEASE\plugins\org.eclipse.m2e.maven.runtime_3.9.700.20240602-2313\jars\wagon-http-3.5.3.jar
2024-11-23 03:40:00,478 [Worker-32: Launching Executing clean in C__Mis Documentos_DevOps_Curso-DevOps_sesion07b_app-java-texto] INFO  o.eclipse.m2e.core.internal.Bundles - 	Entry: D:\sts-4.22.0.RELEASE\plugins\org.eclipse.m2e.maven.runtime_3.9.700.20240602-2313\jars\wagon-http-shared-3.5.3.jar
2024-11-23 03:40:00,478 [Worker-32: Launching Executing clean in C__Mis Documentos_DevOps_Curso-DevOps_sesion07b_app-java-texto] INFO  o.eclipse.m2e.core.internal.Bundles - 	Entry: D:\sts-4.22.0.RELEASE\plugins\org.eclipse.m2e.maven.runtime_3.9.700.20240602-2313\jars\wagon-provider-api-3.5.3.jar
2024-11-23 03:40:00,478 [Worker-32: Launching Executing clean in C__Mis Documentos_DevOps_Curso-DevOps_sesion07b_app-java-texto] INFO  o.eclipse.m2e.core.internal.Bundles - getClasspathEntries(Bundle=com.google.guava_33.2.0.jre [600])
2024-11-23 03:40:00,478 [Worker-32: Launching Executing clean in C__Mis Documentos_DevOps_Curso-DevOps_sesion07b_app-java-texto] INFO  o.eclipse.m2e.core.internal.Bundles - 	Entry: D:\sts-4.22.0.RELEASE\plugins\com.google.guava_33.2.0.jre.jar
2024-11-23 03:40:00,478 [Worker-32: Launching Executing clean in C__Mis Documentos_DevOps_Curso-DevOps_sesion07b_app-java-texto] INFO  o.eclipse.m2e.core.internal.Bundles - getClasspathEntries(Bundle=slf4j.api_2.0.13 [936])
2024-11-23 03:40:00,478 [Worker-32: Launching Executing clean in C__Mis Documentos_DevOps_Curso-DevOps_sesion07b_app-java-texto] INFO  o.eclipse.m2e.core.internal.Bundles - 	Entry: D:\sts-4.22.0.RELEASE\plugins\slf4j.api_2.0.13.jar
2024-11-23 03:40:00,479 [Worker-32: Launching Executing clean in C__Mis Documentos_DevOps_Curso-DevOps_sesion07b_app-java-texto] INFO  o.eclipse.m2e.core.internal.Bundles - getClasspathEntries(Bundle=jakarta.inject.jakarta.inject-api_1.0.5 [44])
2024-11-23 03:40:00,479 [Worker-32: Launching Executing clean in C__Mis Documentos_DevOps_Curso-DevOps_sesion07b_app-java-texto] INFO  o.eclipse.m2e.core.internal.Bundles - 	Entry: D:\sts-4.22.0.RELEASE\plugins\jakarta.inject.jakarta.inject-api_1.0.5.jar
2024-11-23 03:40:00,479 [Worker-32: Launching Executing clean in C__Mis Documentos_DevOps_Curso-DevOps_sesion07b_app-java-texto] INFO  o.eclipse.m2e.core.internal.Bundles - getClasspathEntries(Bundle=javax.annotation_1.3.5.v20200909-1856 [608])
2024-11-23 03:40:00,479 [Worker-32: Launching Executing clean in C__Mis Documentos_DevOps_Curso-DevOps_sesion07b_app-java-texto] INFO  o.eclipse.m2e.core.internal.Bundles - 	Entry: D:\sts-4.22.0.RELEASE\plugins\javax.annotation_1.3.5.v20200909-1856.jar
2024-11-23 03:40:00,479 [Worker-32: Launching Executing clean in C__Mis Documentos_DevOps_Curso-DevOps_sesion07b_app-java-texto] INFO  o.eclipse.m2e.core.internal.Bundles - getClasspathEntries(Bundle=org.apache.commons.cli_1.8.0 [610])
2024-11-23 03:40:00,479 [Worker-32: Launching Executing clean in C__Mis Documentos_DevOps_Curso-DevOps_sesion07b_app-java-texto] INFO  o.eclipse.m2e.core.internal.Bundles - 	Entry: D:\sts-4.22.0.RELEASE\plugins\org.apache.commons.cli_1.8.0.jar
2024-11-23 03:40:00,479 [Worker-32: Launching Executing clean in C__Mis Documentos_DevOps_Curso-DevOps_sesion07b_app-java-texto] INFO  o.eclipse.m2e.core.internal.Bundles - getClasspathEntries(Bundle=org.apache.commons.commons-codec_1.16.0 [77])
2024-11-23 03:40:00,479 [Worker-32: Launching Executing clean in C__Mis Documentos_DevOps_Curso-DevOps_sesion07b_app-java-texto] INFO  o.eclipse.m2e.core.internal.Bundles - 	Entry: D:\sts-4.22.0.RELEASE\plugins\org.apache.commons.commons-codec_1.16.0.jar
2024-11-23 03:40:00,479 [Worker-32: Launching Executing clean in C__Mis Documentos_DevOps_Curso-DevOps_sesion07b_app-java-texto] INFO  o.eclipse.m2e.core.internal.Bundles - getClasspathEntries(Bundle=org.apache.commons.lang3_3.14.0 [81])
2024-11-23 03:40:00,480 [Worker-32: Launching Executing clean in C__Mis Documentos_DevOps_Curso-DevOps_sesion07b_app-java-texto] INFO  o.eclipse.m2e.core.internal.Bundles - 	Entry: D:\sts-4.22.0.RELEASE\plugins\org.apache.commons.lang3_3.14.0.jar
2024-11-23 03:40:00,480 [Worker-32: Launching Executing clean in C__Mis Documentos_DevOps_Curso-DevOps_sesion07b_app-java-texto] INFO  o.eclipse.m2e.core.internal.Bundles - getClasspathEntries(Bundle=com.google.guava.failureaccess_1.0.2 [29])
2024-11-23 03:40:00,480 [Worker-32: Launching Executing clean in C__Mis Documentos_DevOps_Curso-DevOps_sesion07b_app-java-texto] INFO  o.eclipse.m2e.core.internal.Bundles - 	Entry: D:\sts-4.22.0.RELEASE\plugins\com.google.guava.failureaccess_1.0.2.jar
2024-11-23 03:40:00,481 [Worker-32: Launching Executing clean in C__Mis Documentos_DevOps_Curso-DevOps_sesion07b_app-java-texto] INFO  o.e.m.i.launch.MavenLaunchDelegate - Run build in "C:\Mis Documentos\DevOps\Curso-DevOps\sesion07b\app-java-texto":
2024-11-23 03:40:00,481 [Worker-32: Launching Executing clean in C__Mis Documentos_DevOps_Curso-DevOps_sesion07b_app-java-texto] INFO  o.e.m.i.launch.MavenLaunchDelegate -  mvn  -B -Dstyle.color=always clean
2024-11-23 03:40:03,497 [Worker-31: Building] INFO  o.a.m.s.f.DefaultMavenResourcesFiltering - Copying 1 resource from src\main\resources to target\classes
2024-11-23 03:40:03,499 [Worker-31: Building] INFO  o.a.m.s.f.DefaultMavenResourcesFiltering - Copying 0 resource from src\main\resources to target\classes
2024-11-23 03:40:03,502 [Worker-31: Building] INFO  o.a.m.s.f.DefaultMavenResourcesFiltering - skip non existing resourceDirectory C:\Mis Documentos\DevOps\Curso-DevOps\sesion07b\app-java-texto\src\test\resources
2024-11-23 03:40:09,767 [Stop Help Server] INFO  org.eclipse.jetty.server.Server - Stopped oejs.Server@bf62502{STOPPING}[12.0.9,sto=0]
2024-11-23 03:40:09,770 [Stop Help Server] INFO  o.e.jetty.server.AbstractConnector - Stopped ServerConnector@310bc947{HTTP/1.1, (http/1.1)}{127.0.0.1:0}
